CASE C-b10bccb46b — fixture.LongFunction
VERDICT
  FAIL
SMELL
  long-function
CLUES
  function-lines fixture.LongFunction: 11 (limit > 10)
WHY THIS MATTERS
  Long functions can obscure responsibility boundaries and ownership.
DIAGNOSIS
  fixture.LongFunction exceeds the configured source-line limit; this may indicate responsibilities that deserve separate boundaries.
LEADS
  → Look for cohesive responsibilities with different reasons to change.
  → Move behavior toward the object that owns its data.
AVOID
  ✗ Extracting arbitrary helpers solely to reduce the line count.
  ✗ Moving the same procedure into another file.
RECEIPTS
  {"detail":{"expansion":[],"expansion_sites":[],"nesting":null,"subject":"fixture.LongFunction","value":null},"end_line":25,"end_offset":303,"file":"all.go","kind":"declaration","start_line":13,"start_offset":102}
  {"detail":{"expansion":[],"expansion_sites":[],"nesting":null,"subject":"function-lines","value":1},"end_line":14,"end_offset":140,"file":"all.go","kind":"metric-contribution","start_line":14,"start_offset":124}
  {"detail":{"expansion":[],"expansion_sites":[],"nesting":null,"subject":"function-lines","value":1},"end_line":15,"end_offset":156,"file":"all.go","kind":"metric-contribution","start_line":15,"start_offset":140}
  {"detail":{"expansion":[],"expansion_sites":[],"nesting":null,"subject":"function-lines","value":1},"end_line":16,"end_offset":172,"file":"all.go","kind":"metric-contribution","start_line":16,"start_offset":156}
  {"detail":{"expansion":[],"expansion_sites":[],"nesting":null,"subject":"function-lines","value":1},"end_line":17,"end_offset":188,"file":"all.go","kind":"metric-contribution","start_line":17,"start_offset":172}
  {"detail":{"expansion":[],"expansion_sites":[],"nesting":null,"subject":"function-lines","value":1},"end_line":18,"end_offset":204,"file":"all.go","kind":"metric-contribution","start_line":18,"start_offset":188}
  {"detail":{"expansion":[],"expansion_sites":[],"nesting":null,"subject":"function-lines","value":1},"end_line":19,"end_offset":220,"file":"all.go","kind":"metric-contribution","start_line":19,"start_offset":204}
  {"detail":{"expansion":[],"expansion_sites":[],"nesting":null,"subject":"function-lines","value":1},"end_line":20,"end_offset":236,"file":"all.go","kind":"metric-contribution","start_line":20,"start_offset":220}
  {"detail":{"expansion":[],"expansion_sites":[],"nesting":null,"subject":"function-lines","value":1},"end_line":21,"end_offset":252,"file":"all.go","kind":"metric-contribution","start_line":21,"start_offset":236}
  {"detail":{"expansion":[],"expansion_sites":[],"nesting":null,"subject":"function-lines","value":1},"end_line":22,"end_offset":268,"file":"all.go","kind":"metric-contribution","start_line":22,"start_offset":252}
  {"detail":{"expansion":[],"expansion_sites":[],"nesting":null,"subject":"function-lines","value":1},"end_line":23,"end_offset":285,"file":"all.go","kind":"metric-contribution","start_line":23,"start_offset":268}
  {"detail":{"expansion":[],"expansion_sites":[],"nesting":null,"subject":"function-lines","value":1},"end_line":24,"end_offset":302,"file":"all.go","kind":"metric-contribution","start_line":24,"start_offset":285}

CASE C-ad03ea5957 — fixture.Parameters
VERDICT
  FAIL
SMELL
  long-parameter-list
CLUES
  parameters fixture.Parameters: 5 (limit > 4)
WHY THIS MATTERS
  Many parameters can obscure which inputs belong together.
DIAGNOSIS
  fixture.Parameters exceeds the configured parameter limit; its inputs may represent a missing domain concept or mixed responsibilities.
LEADS
  → Examine whether inputs form a cohesive domain object.
  → Separate responsibilities that require different inputs.
AVOID
  ✗ Bundling unrelated inputs into an opaque bag solely to reduce the count.
RECEIPTS
  {"detail":{"expansion":[],"expansion_sites":[],"nesting":null,"subject":"fixture.Parameters","value":null},"end_line":26,"end_offset":341,"file":"all.go","kind":"declaration","start_line":26,"start_offset":304}
  {"detail":{"expansion":[],"expansion_sites":[],"nesting":null,"subject":"0:int","value":5},"end_line":26,"end_offset":337,"file":"all.go","kind":"parameter","start_line":26,"start_offset":320}
  {"detail":{"expansion":[],"expansion_sites":[],"nesting":null,"subject":"1:int","value":5},"end_line":26,"end_offset":337,"file":"all.go","kind":"parameter","start_line":26,"start_offset":320}
  {"detail":{"expansion":[],"expansion_sites":[],"nesting":null,"subject":"2:int","value":5},"end_line":26,"end_offset":337,"file":"all.go","kind":"parameter","start_line":26,"start_offset":320}
  {"detail":{"expansion":[],"expansion_sites":[],"nesting":null,"subject":"3:int","value":5},"end_line":26,"end_offset":337,"file":"all.go","kind":"parameter","start_line":26,"start_offset":320}
  {"detail":{"expansion":[],"expansion_sites":[],"nesting":null,"subject":"4:int","value":5},"end_line":26,"end_offset":337,"file":"all.go","kind":"parameter","start_line":26,"start_offset":320}

CASE C-3d6d2adfd3 — fixture.Complex
VERDICT
  FAIL
SMELL
  high-cognitive-complexity
CLUES
  cognitive-complexity fixture.Complex: 10 (limit > 7)
WHY THIS MATTERS
  Deep or repeated decision structures make behavior harder to follow.
DIAGNOSIS
  fixture.Complex exceeds the configured cognitive-complexity limit; its decision structure may need simplification.
LEADS
  → Clarify early exits and simplify nested decisions.
  → Examine whether variants deserve meaningful abstractions.
AVOID
  ✗ Moving the same decision tree into trivial helpers solely to hide its score.
RECEIPTS
  {"detail":{"expansion":[],"expansion_sites":[],"nesting":null,"subject":"fixture.Complex","value":null},"end_line":37,"end_offset":437,"file":"all.go","kind":"declaration","start_line":27,"start_offset":342}
  {"detail":{"expansion":[],"expansion_sites":[],"nesting":0,"subject":"cognitive-complexity","value":1},"end_line":28,"end_offset":371,"file":"all.go","kind":"metric-contribution","start_line":28,"start_offset":369}
  {"detail":{"expansion":[],"expansion_sites":[],"nesting":1,"subject":"cognitive-complexity","value":2},"end_line":29,"end_offset":380,"file":"all.go","kind":"metric-contribution","start_line":29,"start_offset":378}
  {"detail":{"expansion":[],"expansion_sites":[],"nesting":2,"subject":"cognitive-complexity","value":3},"end_line":30,"end_offset":391,"file":"all.go","kind":"metric-contribution","start_line":30,"start_offset":388}
  {"detail":{"expansion":[],"expansion_sites":[],"nesting":3,"subject":"cognitive-complexity","value":4},"end_line":31,"end_offset":402,"file":"all.go","kind":"metric-contribution","start_line":31,"start_offset":400}

CASE C-4fb5041cb7 — fixture.Dependencies
VERDICT
  FAIL
SMELL
  excessive-dependencies
CLUES
  dependencies fixture.Dependencies: 6 (limit > 5)
  dependency-set fixture.Dependencies: ["type:bytes.Buffer","type:encoding/json.Decoder","type:net/url.URL","type:regexp.Regexp","type:strings.Reader","type:time.Time"]
WHY THIS MATTERS
  Broad dependency sets can indicate excessive coordination or coupling.
DIAGNOSIS
  fixture.Dependencies exceeds the configured dependency limit; it may coordinate responsibilities with separate ownership.
LEADS
  → Inspect the contributing dependencies for cohesive ownership boundaries.
  → Move behavior toward the data and collaborators it primarily uses.
AVOID
  ✗ Introducing a facade whose only purpose is hiding the dependency count.
RECEIPTS
  {"detail":{"expansion":[],"expansion_sites":[],"nesting":null,"subject":"type:bytes.Buffer","value":null},"end_line":38,"end_offset":470,"file":"all.go","kind":"dependency","start_line":38,"start_offset":458}
  {"detail":{"expansion":[],"expansion_sites":[],"nesting":null,"subject":"package:bytes","value":null},"end_line":38,"end_offset":470,"file":"all.go","kind":"dependency-inventory","start_line":38,"start_offset":464}
  {"detail":{"expansion":[],"expansion_sites":[],"nesting":null,"subject":"type:strings.Reader","value":null},"end_line":38,"end_offset":488,"file":"all.go","kind":"dependency","start_line":38,"start_offset":474}
  {"detail":{"expansion":[],"expansion_sites":[],"nesting":null,"subject":"package:strings","value":null},"end_line":38,"end_offset":488,"file":"all.go","kind":"dependency-inventory","start_line":38,"start_offset":482}
  {"detail":{"expansion":[],"expansion_sites":[],"nesting":null,"subject":"type:time.Time","value":null},"end_line":38,"end_offset":501,"file":"all.go","kind":"dependency","start_line":38,"start_offset":492}
  {"detail":{"expansion":[],"expansion_sites":[],"nesting":null,"subject":"package:time","value":null},"end_line":38,"end_offset":501,"file":"all.go","kind":"dependency-inventory","start_line":38,"start_offset":497}
  {"detail":{"expansion":[],"expansion_sites":[],"nesting":null,"subject":"type:net/url.URL","value":null},"end_line":38,"end_offset":512,"file":"all.go","kind":"dependency","start_line":38,"start_offset":505}
  {"detail":{"expansion":[],"expansion_sites":[],"nesting":null,"subject":"package:net/url","value":null},"end_line":38,"end_offset":512,"file":"all.go","kind":"dependency-inventory","start_line":38,"start_offset":509}
  {"detail":{"expansion":[],"expansion_sites":[],"nesting":null,"subject":"type:encoding/json.Decoder","value":null},"end_line":38,"end_offset":528,"file":"all.go","kind":"dependency","start_line":38,"start_offset":516}
  {"detail":{"expansion":[],"expansion_sites":[],"nesting":null,"subject":"package:encoding/json","value":null},"end_line":38,"end_offset":528,"file":"all.go","kind":"dependency-inventory","start_line":38,"start_offset":521}
  {"detail":{"expansion":[],"expansion_sites":[],"nesting":null,"subject":"type:regexp.Regexp","value":null},"end_line":38,"end_offset":546,"file":"all.go","kind":"dependency","start_line":38,"start_offset":533}
  {"detail":{"expansion":[],"expansion_sites":[],"nesting":null,"subject":"package:regexp","value":null},"end_line":38,"end_offset":546,"file":"all.go","kind":"dependency-inventory","start_line":38,"start_offset":540}
  {"detail":{"expansion":[],"expansion_sites":[],"nesting":null,"subject":"fixture.Dependencies","value":null},"end_line":39,"end_offset":551,"file":"all.go","kind":"declaration","start_line":38,"start_offset":438}

CASE C-cf8ec1ee12 — fixture.Dependencies
VERDICT
  FAIL
SMELL
  long-parameter-list
CLUES
  parameters fixture.Dependencies: 6 (limit > 4)
WHY THIS MATTERS
  Many parameters can obscure which inputs belong together.
DIAGNOSIS
  fixture.Dependencies exceeds the configured parameter limit; its inputs may represent a missing domain concept or mixed responsibilities.
LEADS
  → Examine whether inputs form a cohesive domain object.
  → Separate responsibilities that require different inputs.
AVOID
  ✗ Bundling unrelated inputs into an opaque bag solely to reduce the count.
RECEIPTS
  {"detail":{"expansion":[],"expansion_sites":[],"nesting":null,"subject":"0:bytes.Buffer","value":1},"end_line":38,"end_offset":470,"file":"all.go","kind":"parameter","start_line":38,"start_offset":456}
  {"detail":{"expansion":[],"expansion_sites":[],"nesting":null,"subject":"1:strings.Reader","value":1},"end_line":38,"end_offset":488,"file":"all.go","kind":"parameter","start_line":38,"start_offset":472}
  {"detail":{"expansion":[],"expansion_sites":[],"nesting":null,"subject":"2:time.Time","value":1},"end_line":38,"end_offset":501,"file":"all.go","kind":"parameter","start_line":38,"start_offset":490}
  {"detail":{"expansion":[],"expansion_sites":[],"nesting":null,"subject":"3:net/url.URL","value":1},"end_line":38,"end_offset":512,"file":"all.go","kind":"parameter","start_line":38,"start_offset":503}
  {"detail":{"expansion":[],"expansion_sites":[],"nesting":null,"subject":"4:encoding/json.Decoder","value":1},"end_line":38,"end_offset":528,"file":"all.go","kind":"parameter","start_line":38,"start_offset":514}
  {"detail":{"expansion":[],"expansion_sites":[],"nesting":null,"subject":"5:regexp.Regexp","value":1},"end_line":38,"end_offset":546,"file":"all.go","kind":"parameter","start_line":38,"start_offset":530}
  {"detail":{"expansion":[],"expansion_sites":[],"nesting":null,"subject":"fixture.Dependencies","value":null},"end_line":39,"end_offset":551,"file":"all.go","kind":"declaration","start_line":38,"start_offset":438}

CASE C-4063b2b57c — fixture.(Own).Envy
VERDICT
  FAIL
SMELL
  feature-envy
CLUES
  foreign-accesses fixture.(Own).Envy:f@626: 5 (limit >= 5)
  foreign-own-ratio fixture.(Own).Envy:f@626: 0.000000
  own-accesses fixture.(Own).Envy: 0
WHY THIS MATTERS
  Concentrated access to another value can indicate misplaced behavior.
DIAGNOSIS
  fixture.(Own).Envy meets the configured foreign-access and ratio conditions; behavior may belong nearer a qualifying foreign value. Zero own accesses satisfies the ratio condition once the foreign minimum is met.
LEADS
  → Review each qualifying foreign value and its contributing accesses.
  → Consider moving cohesive behavior toward the owner of that data.
AVOID
  ✗ Renaming or aliasing a collaborator solely to split the access count.
RECEIPTS
  {"detail":{"expansion":[],"expansion_sites":[],"nesting":null,"subject":"fixture.(Own).Envy","value":null},"end_line":46,"end_offset":680,"file":"all.go","kind":"declaration","start_line":44,"start_offset":608}
  {"detail":{"expansion":[],"expansion_sites":[],"nesting":null,"subject":"fixture.(Own).Envy:f@626","value":null},"end_line":45,"end_offset":654,"file":"all.go","kind":"foreign-access","start_line":45,"start_offset":651}
  {"detail":{"expansion":[],"expansion_sites":[],"nesting":null,"subject":"fixture.(Own).Envy:f@626","value":null},"end_line":45,"end_offset":660,"file":"all.go","kind":"foreign-access","start_line":45,"start_offset":657}
  {"detail":{"expansion":[],"expansion_sites":[],"nesting":null,"subject":"fixture.(Own).Envy:f@626","value":null},"end_line":45,"end_offset":666,"file":"all.go","kind":"foreign-access","start_line":45,"start_offset":663}
  {"detail":{"expansion":[],"expansion_sites":[],"nesting":null,"subject":"fixture.(Own).Envy:f@626","value":null},"end_line":45,"end_offset":672,"file":"all.go","kind":"foreign-access","start_line":45,"start_offset":669}
  {"detail":{"expansion":[],"expansion_sites":[],"nesting":null,"subject":"fixture.(Own).Envy:f@626","value":null},"end_line":45,"end_offset":678,"file":"all.go","kind":"foreign-access","start_line":45,"start_offset":675}

CASE C-47c5c497d6 — fixture.ClumpA
VERDICT
  FAIL
SMELL
  data-clump
CLUES
  clump-occurrences fixture.ClumpA: 3 (limit >= 3)
  clump-size fixture.ClumpA: 3 (limit >= 3)
  clump-types fixture.ClumpA: ["bool","int","string"]
WHY THIS MATTERS
  Repeated groups of parameter types can indicate a missing shared concept.
DIAGNOSIS
  The parameter multiset anchored at fixture.ClumpA recurs at the configured support and size; it may represent a missing domain object.
LEADS
  → Inspect the participating signatures for a shared domain concept.
  → Introduce a parameter object only if the values belong together.
AVOID
  ✗ Bundling unrelated values solely to silence the repeated-type rule.
RECEIPTS
  {"detail":{"expansion":[],"expansion_sites":[],"nesting":null,"subject":"fixture.ClumpA","value":null},"end_line":47,"end_offset":720,"file":"all.go","kind":"declaration","start_line":47,"start_offset":681}
  {"detail":{"expansion":[],"expansion_sites":[],"nesting":null,"subject":"0:int","value":1},"end_line":47,"end_offset":698,"file":"all.go","kind":"parameter","start_line":47,"start_offset":693}
  {"detail":{"expansion":[],"expansion_sites":[],"nesting":null,"subject":"1:string","value":1},"end_line":47,"end_offset":708,"file":"all.go","kind":"parameter","start_line":47,"start_offset":700}
  {"detail":{"expansion":[],"expansion_sites":[],"nesting":null,"subject":"2:bool","value":1},"end_line":47,"end_offset":716,"file":"all.go","kind":"parameter","start_line":47,"start_offset":710}
  {"detail":{"expansion":[],"expansion_sites":[],"nesting":null,"subject":"fixture.ClumpB","value":null},"end_line":48,"end_offset":760,"file":"all.go","kind":"declaration","start_line":48,"start_offset":721}
  {"detail":{"expansion":[],"expansion_sites":[],"nesting":null,"subject":"0:int","value":1},"end_line":48,"end_offset":738,"file":"all.go","kind":"parameter","start_line":48,"start_offset":733}
  {"detail":{"expansion":[],"expansion_sites":[],"nesting":null,"subject":"1:string","value":1},"end_line":48,"end_offset":748,"file":"all.go","kind":"parameter","start_line":48,"start_offset":740}
  {"detail":{"expansion":[],"expansion_sites":[],"nesting":null,"subject":"2:bool","value":1},"end_line":48,"end_offset":756,"file":"all.go","kind":"parameter","start_line":48,"start_offset":750}
  {"detail":{"expansion":[],"expansion_sites":[],"nesting":null,"subject":"fixture.ClumpC","value":null},"end_line":49,"end_offset":800,"file":"all.go","kind":"declaration","start_line":49,"start_offset":761}
  {"detail":{"expansion":[],"expansion_sites":[],"nesting":null,"subject":"0:int","value":1},"end_line":49,"end_offset":778,"file":"all.go","kind":"parameter","start_line":49,"start_offset":773}
  {"detail":{"expansion":[],"expansion_sites":[],"nesting":null,"subject":"1:string","value":1},"end_line":49,"end_offset":788,"file":"all.go","kind":"parameter","start_line":49,"start_offset":780}
  {"detail":{"expansion":[],"expansion_sites":[],"nesting":null,"subject":"2:bool","value":1},"end_line":49,"end_offset":796,"file":"all.go","kind":"parameter","start_line":49,"start_offset":790}

CASE C-5522b4859c — fixture.Parent
VERDICT
  FAIL
SMELL
  cosmetic-extraction
CLUES
  cluster all.go:826 owner=fixture.Parent file=all.go
    fixture.stepOne call_offset=826
    fixture.stepTwo call_offset=841
  cognitive-complexity fixture.Parent: 0
  dependency-overlap all.go:826:["fixture.stepOne","fixture.stepTwo"]: 1.000000
  dependency-overlap all.go:826:mean: 1.000000 (limit >= 0.750000)
  dependency-set fixture.stepOne: ["package:fmt"]
  dependency-set fixture.stepTwo: ["package:fmt"]
  expanded-complexity fixture.Parent: 0
  expanded-lines fixture.Parent: 12 (limit > 10)
  forwarded-input-set all.go:826:member:fixture.stepOne: ["fixture.Parent:a@813","fixture.Parent:b@816"]
  forwarded-input-set all.go:826:member:fixture.stepTwo: ["fixture.Parent:a@813","fixture.Parent:b@816"]
  function-lines fixture.Parent: 2
  helper-count all.go:826: 2 (limit >= 2)
  parameter-overlap all.go:826:mean: 1.000000 (limit >= 0.750000)
  parameter-overlap all.go:826:member:fixture.stepOne: 1.000000
  parameter-overlap all.go:826:member:fixture.stepTwo: 1.000000
  parent-input-set all.go:826: ["fixture.Parent:a@813","fixture.Parent:b@816"]
WHY THIS MATTERS
  Single-use helper sequences can retain the original procedure's coupling while hiding its metrics.
DIAGNOSIS
  fixture.Parent has helper clusters meeting the configured overlap conditions, and candidate expansion exceeds a configured metric limit; this may be cosmetic decomposition even if the helper names sound meaningful.
LEADS
  → Review the qualifying helpers with their shared inputs and dependencies.
  → Establish cohesive boundaries with distinct ownership and collaboration.
AVOID
  ✗ Creating stepOne/stepTwo/stepThree helpers solely to satisfy metrics.
  ✗ Treating a meaningful name as proof of a meaningful boundary.
  ✗ Suppressing the case without documented justification.
RECEIPTS
  {"detail":{"expansion":[],"expansion_sites":[],"nesting":null,"subject":"fixture.Parent","value":null},"end_line":53,"end_offset":856,"file":"all.go","kind":"declaration","start_line":50,"start_offset":801}
  {"detail":{"expansion":[],"expansion_sites":[],"nesting":null,"subject":"function-lines","value":1},"end_line":51,"end_offset":840,"file":"all.go","kind":"metric-contribution","start_line":51,"start_offset":825}
  {"detail":{"expansion":[],"expansion_sites":[],"nesting":null,"subject":"fixture.stepOne","value":null},"end_line":51,"end_offset":839,"file":"all.go","kind":"helper-call","start_line":51,"start_offset":826}
  {"detail":{"expansion":[],"expansion_sites":[],"nesting":null,"subject":"fixture.Parent:a@813","value":null},"end_line":51,"end_offset":835,"file":"all.go","kind":"parameter","start_line":51,"start_offset":834}
  {"detail":{"expansion":[],"expansion_sites":[],"nesting":null,"subject":"fixture.Parent:b@816","value":null},"end_line":51,"end_offset":838,"file":"all.go","kind":"parameter","start_line":51,"start_offset":837}
  {"detail":{"expansion":[],"expansion_sites":[],"nesting":null,"subject":"function-lines","value":1},"end_line":52,"end_offset":855,"file":"all.go","kind":"metric-contribution","start_line":52,"start_offset":840}
  {"detail":{"expansion":[],"expansion_sites":[],"nesting":null,"subject":"fixture.stepTwo","value":null},"end_line":52,"end_offset":854,"file":"all.go","kind":"helper-call","start_line":52,"start_offset":841}
  {"detail":{"expansion":[],"expansion_sites":[],"nesting":null,"subject":"fixture.Parent:a@813","value":null},"end_line":52,"end_offset":850,"file":"all.go","kind":"parameter","start_line":52,"start_offset":849}
  {"detail":{"expansion":[],"expansion_sites":[],"nesting":null,"subject":"fixture.Parent:b@816","value":null},"end_line":52,"end_offset":853,"file":"all.go","kind":"parameter","start_line":52,"start_offset":852}
  {"detail":{"expansion":[],"expansion_sites":[],"nesting":null,"subject":"fixture.stepOne","value":null},"end_line":61,"end_offset":979,"file":"all.go","kind":"declaration","start_line":54,"start_offset":857}
  {"detail":{"expansion":["fixture.Parent","fixture.stepOne"],"expansion_sites":[{"call_offset":826,"file":"all.go"}],"nesting":null,"subject":"expanded-lines","value":1},"end_line":55,"end_offset":898,"file":"all.go","kind":"metric-contribution","start_line":55,"start_offset":882}
  {"detail":{"expansion":[],"expansion_sites":[],"nesting":null,"subject":"interface:interface{}","value":null},"end_line":55,"end_offset":897,"file":"all.go","kind":"dependency-inventory","start_line":55,"start_offset":883}
  {"detail":{"expansion":[],"expansion_sites":[],"nesting":null,"subject":"type:error","value":null},"end_line":55,"end_offset":897,"file":"all.go","kind":"dependency-inventory","start_line":55,"start_offset":883}
  {"detail":{"expansion":[],"expansion_sites":[],"nesting":null,"subject":"package:fmt","value":null},"end_line":55,"end_offset":894,"file":"all.go","kind":"dependency","start_line":55,"start_offset":887}
  {"detail":{"expansion":["fixture.Parent","fixture.stepOne"],"expansion_sites":[{"call_offset":826,"file":"all.go"}],"nesting":null,"subject":"expanded-lines","value":1},"end_line":56,"end_offset":914,"file":"all.go","kind":"metric-contribution","start_line":56,"start_offset":898}
  {"detail":{"expansion":[],"expansion_sites":[],"nesting":null,"subject":"interface:interface{}","value":null},"end_line":56,"end_offset":913,"file":"all.go","kind":"dependency-inventory","start_line":56,"start_offset":899}
  {"detail":{"expansion":[],"expansion_sites":[],"nesting":null,"subject":"type:error","value":null},"end_line":56,"end_offset":913,"file":"all.go","kind":"dependency-inventory","start_line":56,"start_offset":899}
  {"detail":{"expansion":[],"expansion_sites":[],"nesting":null,"subject":"package:fmt","value":null},"end_line":56,"end_offset":910,"file":"all.go","kind":"dependency","start_line":56,"start_offset":903}
  {"detail":{"expansion":["fixture.Parent","fixture.stepOne"],"expansion_sites":[{"call_offset":826,"file":"all.go"}],"nesting":null,"subject":"expanded-lines","value":1},"end_line":57,"end_offset":930,"file":"all.go","kind":"metric-contribution","start_line":57,"start_offset":914}
  {"detail":{"expansion":[],"expansion_sites":[],"nesting":null,"subject":"interface:interface{}","value":null},"end_line":57,"end_offset":929,"file":"all.go","kind":"dependency-inventory","start_line":57,"start_offset":915}
  {"detail":{"expansion":[],"expansion_sites":[],"nesting":null,"subject":"type:error","value":null},"end_line":57,"end_offset":929,"file":"all.go","kind":"dependency-inventory","start_line":57,"start_offset":915}
  {"detail":{"expansion":[],"expansion_sites":[],"nesting":null,"subject":"package:fmt","value":null},"end_line":57,"end_offset":926,"file":"all.go","kind":"dependency","start_line":57,"start_offset":919}
  {"detail":{"expansion":["fixture.Parent","fixture.stepOne"],"expansion_sites":[{"call_offset":826,"file":"all.go"}],"nesting":null,"subject":"expanded-lines","value":1},"end_line":58,"end_offset":946,"file":"all.go","kind":"metric-contribution","start_line":58,"start_offset":930}
  {"detail":{"expansion":[],"expansion_sites":[],"nesting":null,"subject":"interface:interface{}","value":null},"end_line":58,"end_offset":945,"file":"all.go","kind":"dependency-inventory","start_line":58,"start_offset":931}
  {"detail":{"expansion":[],"expansion_sites":[],"nesting":null,"subject":"type:error","value":null},"end_line":58,"end_offset":945,"file":"all.go","kind":"dependency-inventory","start_line":58,"start_offset":931}
  {"detail":{"expansion":[],"expansion_sites":[],"nesting":null,"subject":"package:fmt","value":null},"end_line":58,"end_offset":942,"file":"all.go","kind":"dependency","start_line":58,"start_offset":935}
  {"detail":{"expansion":["fixture.Parent","fixture.stepOne"],"expansion_sites":[{"call_offset":826,"file":"all.go"}],"nesting":null,"subject":"expanded-lines","value":1},"end_line":59,"end_offset":962,"file":"all.go","kind":"metric-contribution","start_line":59,"start_offset":946}
  {"detail":{"expansion":[],"expansion_sites":[],"nesting":null,"subject":"interface:interface{}","value":null},"end_line":59,"end_offset":961,"file":"all.go","kind":"dependency-inventory","start_line":59,"start_offset":947}
  {"detail":{"expansion":[],"expansion_sites":[],"nesting":null,"subject":"type:error","value":null},"end_line":59,"end_offset":961,"file":"all.go","kind":"dependency-inventory","start_line":59,"start_offset":947}
  {"detail":{"expansion":[],"expansion_sites":[],"nesting":null,"subject":"package:fmt","value":null},"end_line":59,"end_offset":958,"file":"all.go","kind":"dependency","start_line":59,"start_offset":951}
  {"detail":{"expansion":["fixture.Parent","fixture.stepOne"],"expansion_sites":[{"call_offset":826,"file":"all.go"}],"nesting":null,"subject":"expanded-lines","value":1},"end_line":60,"end_offset":978,"file":"all.go","kind":"metric-contribution","start_line":60,"start_offset":962}
  {"detail":{"expansion":[],"expansion_sites":[],"nesting":null,"subject":"interface:interface{}","value":null},"end_line":60,"end_offset":977,"file":"all.go","kind":"dependency-inventory","start_line":60,"start_offset":963}
  {"detail":{"expansion":[],"expansion_sites":[],"nesting":null,"subject":"type:error","value":null},"end_line":60,"end_offset":977,"file":"all.go","kind":"dependency-inventory","start_line":60,"start_offset":963}
  {"detail":{"expansion":[],"expansion_sites":[],"nesting":null,"subject":"package:fmt","value":null},"end_line":60,"end_offset":974,"file":"all.go","kind":"dependency","start_line":60,"start_offset":967}
  {"detail":{"expansion":[],"expansion_sites":[],"nesting":null,"subject":"fixture.stepTwo","value":null},"end_line":69,"end_offset":1102,"file":"all.go","kind":"declaration","start_line":62,"start_offset":980}
  {"detail":{"expansion":["fixture.Parent","fixture.stepTwo"],"expansion_sites":[{"call_offset":841,"file":"all.go"}],"nesting":null,"subject":"expanded-lines","value":1},"end_line":63,"end_offset":1021,"file":"all.go","kind":"metric-contribution","start_line":63,"start_offset":1005}
  {"detail":{"expansion":[],"expansion_sites":[],"nesting":null,"subject":"interface:interface{}","value":null},"end_line":63,"end_offset":1020,"file":"all.go","kind":"dependency-inventory","start_line":63,"start_offset":1006}
  {"detail":{"expansion":[],"expansion_sites":[],"nesting":null,"subject":"type:error","value":null},"end_line":63,"end_offset":1020,"file":"all.go","kind":"dependency-inventory","start_line":63,"start_offset":1006}
  {"detail":{"expansion":[],"expansion_sites":[],"nesting":null,"subject":"package:fmt","value":null},"end_line":63,"end_offset":1017,"file":"all.go","kind":"dependency","start_line":63,"start_offset":1010}
  {"detail":{"expansion":["fixture.Parent","fixture.stepTwo"],"expansion_sites":[{"call_offset":841,"file":"all.go"}],"nesting":null,"subject":"expanded-lines","value":1},"end_line":64,"end_offset":1037,"file":"all.go","kind":"metric-contribution","start_line":64,"start_offset":1021}
  {"detail":{"expansion":[],"expansion_sites":[],"nesting":null,"subject":"interface:interface{}","value":null},"end_line":64,"end_offset":1036,"file":"all.go","kind":"dependency-inventory","start_line":64,"start_offset":1022}
  {"detail":{"expansion":[],"expansion_sites":[],"nesting":null,"subject":"type:error","value":null},"end_line":64,"end_offset":1036,"file":"all.go","kind":"dependency-inventory","start_line":64,"start_offset":1022}
  {"detail":{"expansion":[],"expansion_sites":[],"nesting":null,"subject":"package:fmt","value":null},"end_line":64,"end_offset":1033,"file":"all.go","kind":"dependency","start_line":64,"start_offset":1026}
  {"detail":{"expansion":["fixture.Parent","fixture.stepTwo"],"expansion_sites":[{"call_offset":841,"file":"all.go"}],"nesting":null,"subject":"expanded-lines","value":1},"end_line":65,"end_offset":1053,"file":"all.go","kind":"metric-contribution","start_line":65,"start_offset":1037}
  {"detail":{"expansion":[],"expansion_sites":[],"nesting":null,"subject":"interface:interface{}","value":null},"end_line":65,"end_offset":1052,"file":"all.go","kind":"dependency-inventory","start_line":65,"start_offset":1038}
  {"detail":{"expansion":[],"expansion_sites":[],"nesting":null,"subject":"type:error","value":null},"end_line":65,"end_offset":1052,"file":"all.go","kind":"dependency-inventory","start_line":65,"start_offset":1038}
  {"detail":{"expansion":[],"expansion_sites":[],"nesting":null,"subject":"package:fmt","value":null},"end_line":65,"end_offset":1049,"file":"all.go","kind":"dependency","start_line":65,"start_offset":1042}
  {"detail":{"expansion":["fixture.Parent","fixture.stepTwo"],"expansion_sites":[{"call_offset":841,"file":"all.go"}],"nesting":null,"subject":"expanded-lines","value":1},"end_line":66,"end_offset":1069,"file":"all.go","kind":"metric-contribution","start_line":66,"start_offset":1053}
  {"detail":{"expansion":[],"expansion_sites":[],"nesting":null,"subject":"interface:interface{}","value":null},"end_line":66,"end_offset":1068,"file":"all.go","kind":"dependency-inventory","start_line":66,"start_offset":1054}
  {"detail":{"expansion":[],"expansion_sites":[],"nesting":null,"subject":"type:error","value":null},"end_line":66,"end_offset":1068,"file":"all.go","kind":"dependency-inventory","start_line":66,"start_offset":1054}
  {"detail":{"expansion":[],"expansion_sites":[],"nesting":null,"subject":"package:fmt","value":null},"end_line":66,"end_offset":1065,"file":"all.go","kind":"dependency","start_line":66,"start_offset":1058}
  {"detail":{"expansion":["fixture.Parent","fixture.stepTwo"],"expansion_sites":[{"call_offset":841,"file":"all.go"}],"nesting":null,"subject":"expanded-lines","value":1},"end_line":67,"end_offset":1085,"file":"all.go","kind":"metric-contribution","start_line":67,"start_offset":1069}
  {"detail":{"expansion":[],"expansion_sites":[],"nesting":null,"subject":"interface:interface{}","value":null},"end_line":67,"end_offset":1084,"file":"all.go","kind":"dependency-inventory","start_line":67,"start_offset":1070}
  {"detail":{"expansion":[],"expansion_sites":[],"nesting":null,"subject":"type:error","value":null},"end_line":67,"end_offset":1084,"file":"all.go","kind":"dependency-inventory","start_line":67,"start_offset":1070}
  {"detail":{"expansion":[],"expansion_sites":[],"nesting":null,"subject":"package:fmt","value":null},"end_line":67,"end_offset":1081,"file":"all.go","kind":"dependency","start_line":67,"start_offset":1074}
  {"detail":{"expansion":["fixture.Parent","fixture.stepTwo"],"expansion_sites":[{"call_offset":841,"file":"all.go"}],"nesting":null,"subject":"expanded-lines","value":1},"end_line":68,"end_offset":1101,"file":"all.go","kind":"metric-contribution","start_line":68,"start_offset":1085}
  {"detail":{"expansion":[],"expansion_sites":[],"nesting":null,"subject":"interface:interface{}","value":null},"end_line":68,"end_offset":1100,"file":"all.go","kind":"dependency-inventory","start_line":68,"start_offset":1086}
  {"detail":{"expansion":[],"expansion_sites":[],"nesting":null,"subject":"type:error","value":null},"end_line":68,"end_offset":1100,"file":"all.go","kind":"dependency-inventory","start_line":68,"start_offset":1086}
  {"detail":{"expansion":[],"expansion_sites":[],"nesting":null,"subject":"package:fmt","value":null},"end_line":68,"end_offset":1097,"file":"all.go","kind":"dependency","start_line":68,"start_offset":1090}
DOGFOODING POLICY REVIEW
  CE-001
  This rule deliberately rejects some decompositions that may represent meaningful responsibilities. This is a provisional dogfooding policy; its review note does not change the case verdict.
  Show the human the parent and qualifying helpers, forwarded inputs, shared dependencies, overlap values and thresholds, and original versus expanded line and complexity metrics. Discuss whether the failure reflects the intended policy before changing code or requesting a suppression.

Columbo: 8 failed, 0 warned, 0 suppressed
