CASE C-92ebcdd20a fixture.Send source.go:17-17
  selection-use-coupling: SUPPRESSED (original: FAIL)
  suppression source.go:16: intentional transport lifecycle in this fixture
  selected-implementation-count source.go:683: 2 (limit >= 2)
  selected-use-count source.go:683: 2
  selection-use-sites fixture.Send:fixture.Sender: 1
  selected-implementation-set source.go:683: fixture.Email, fixture.SMS
  selected-message-set source.go:683: Close() error, Send(string) error
  selected-role fixture.Send: fixture.Sender
  selection decision source.go:17-17 (bytes 683-738): fixture.Sender
  selection origin source.go:17-17 (bytes 703-711): fixture.Email
  selection origin source.go:17-17 (bytes 730-736): fixture.SMS
  selection flow source.go:17-17 (bytes 739-755): fixture.Sender
  selection flow source.go:17-17 (bytes 756-772): fixture.Sender
  selected message source.go:17-17 (bytes 773-789): Send(string) error
  selected message source.go:17-17 (bytes 796-810): Close() error
  Policy SUC-001: This rule deliberately treats local concrete-player selection followed by role collaboration as architectural pressure. This is a provisional dogfooding policy; its review note does not change the case verdict.
  Review: Show the human the selected role, concrete origins, controlling decision, value-flow evidence, and downstream messages. Discuss whether this function should own both implementation selection and collaboration before changing code or requesting suppression.
Columbo: 0 failed, 0 warned, 1 suppressed
Database: report.sqlite
