CASE C-3b5bc37ab7 — fixture.Parent
VERDICT
  SUPPRESSED (original: WARN)
  source.go:2 — accepted during policy review
SMELL
  cosmetic-extraction
CLUES
  cluster source.go:108 owner=fixture.Parent file=source.go
    fixture.one call_offset=108
    fixture.two call_offset=117
  cognitive-complexity fixture.Parent: 0
  dependency-overlap source.go:108:["fixture.one","fixture.two"]: 0
  dependency-overlap source.go:108:mean: 0 (limit >= 0)
  dependency-set fixture.one: []
  dependency-set fixture.two: []
  expanded-complexity fixture.Parent: 0
  expanded-lines fixture.Parent: 6 (limit > 2)
  forwarded-input-set source.go:108:member:fixture.one: ["fixture.Parent:a@99","fixture.Parent:b@101"]
  forwarded-input-set source.go:108:member:fixture.two: ["fixture.Parent:a@99","fixture.Parent:b@101"]
  function-lines fixture.Parent: 1
  helper-count source.go:108: 2 (limit >= 2)
  parameter-overlap source.go:108:mean: 1 (limit >= 0.75)
  parameter-overlap source.go:108:member:fixture.one: 1
  parameter-overlap source.go:108:member:fixture.two: 1
  parent-input-set source.go:108: ["fixture.Parent:a@99","fixture.Parent:b@101"]
WHY THIS MATTERS
  Single-use helper sequences can retain the original procedure's coupling while hiding its metrics.
DIAGNOSIS
  fixture.Parent has helper clusters meeting the configured overlap conditions, and candidate expansion exceeds a configured metric limit; this may be cosmetic decomposition even if the helper names sound meaningful.
LEADS
  → Review the qualifying helpers with their shared inputs and dependencies.
  → Establish cohesive boundaries with distinct ownership and collaboration.
AVOID
  ✗ Creating stepOne/stepTwo/stepThree helpers solely to satisfy metrics.
  ✗ Treating a meaningful name as proof of a meaningful boundary.
  ✗ Suppressing the case without documented justification.
RECEIPTS
  {"detail":{"expansion":[],"expansion_sites":[],"nesting":null,"subject":"fixture.Parent","value":null},"end_line":3,"end_offset":126,"file":"source.go","kind":"declaration","start_line":3,"start_offset":87}
  {"detail":{"expansion":[],"expansion_sites":[],"nesting":null,"subject":"function-lines","value":1},"end_line":3,"end_offset":127,"file":"source.go","kind":"metric-contribution","start_line":3,"start_offset":87}
  {"detail":{"expansion":[],"expansion_sites":[],"nesting":null,"subject":"fixture.one","value":null},"end_line":3,"end_offset":116,"file":"source.go","kind":"helper-call","start_line":3,"start_offset":108}
  {"detail":{"expansion":[],"expansion_sites":[],"nesting":null,"subject":"fixture.Parent:a@99","value":null},"end_line":3,"end_offset":113,"file":"source.go","kind":"parameter","start_line":3,"start_offset":112}
  {"detail":{"expansion":[],"expansion_sites":[],"nesting":null,"subject":"fixture.Parent:b@101","value":null},"end_line":3,"end_offset":115,"file":"source.go","kind":"parameter","start_line":3,"start_offset":114}
  {"detail":{"expansion":[],"expansion_sites":[],"nesting":null,"subject":"fixture.two","value":null},"end_line":3,"end_offset":125,"file":"source.go","kind":"helper-call","start_line":3,"start_offset":117}
  {"detail":{"expansion":[],"expansion_sites":[],"nesting":null,"subject":"fixture.Parent:a@99","value":null},"end_line":3,"end_offset":122,"file":"source.go","kind":"parameter","start_line":3,"start_offset":121}
  {"detail":{"expansion":[],"expansion_sites":[],"nesting":null,"subject":"fixture.Parent:b@101","value":null},"end_line":3,"end_offset":124,"file":"source.go","kind":"parameter","start_line":3,"start_offset":123}
  {"detail":{"expansion":[],"expansion_sites":[],"nesting":null,"subject":"fixture.one","value":null},"end_line":9,"end_offset":185,"file":"source.go","kind":"declaration","start_line":5,"start_offset":128}
  {"detail":{"expansion":["fixture.Parent","fixture.one"],"expansion_sites":[{"call_offset":108,"file":"source.go"}],"nesting":null,"subject":"expanded-lines","value":1},"end_line":6,"end_offset":160,"file":"source.go","kind":"metric-contribution","start_line":6,"start_offset":148}
  {"detail":{"expansion":["fixture.Parent","fixture.one"],"expansion_sites":[{"call_offset":108,"file":"source.go"}],"nesting":null,"subject":"expanded-lines","value":1},"end_line":7,"end_offset":172,"file":"source.go","kind":"metric-contribution","start_line":7,"start_offset":160}
  {"detail":{"expansion":["fixture.Parent","fixture.one"],"expansion_sites":[{"call_offset":108,"file":"source.go"}],"nesting":null,"subject":"expanded-lines","value":1},"end_line":8,"end_offset":184,"file":"source.go","kind":"metric-contribution","start_line":8,"start_offset":172}
  {"detail":{"expansion":[],"expansion_sites":[],"nesting":null,"subject":"fixture.two","value":null},"end_line":14,"end_offset":243,"file":"source.go","kind":"declaration","start_line":10,"start_offset":186}
  {"detail":{"expansion":["fixture.Parent","fixture.two"],"expansion_sites":[{"call_offset":117,"file":"source.go"}],"nesting":null,"subject":"expanded-lines","value":1},"end_line":11,"end_offset":218,"file":"source.go","kind":"metric-contribution","start_line":11,"start_offset":206}
  {"detail":{"expansion":["fixture.Parent","fixture.two"],"expansion_sites":[{"call_offset":117,"file":"source.go"}],"nesting":null,"subject":"expanded-lines","value":1},"end_line":12,"end_offset":230,"file":"source.go","kind":"metric-contribution","start_line":12,"start_offset":218}
  {"detail":{"expansion":["fixture.Parent","fixture.two"],"expansion_sites":[{"call_offset":117,"file":"source.go"}],"nesting":null,"subject":"expanded-lines","value":1},"end_line":13,"end_offset":242,"file":"source.go","kind":"metric-contribution","start_line":13,"start_offset":230}
DOGFOODING POLICY REVIEW
  CE-001
  This rule deliberately rejects some decompositions that may represent meaningful responsibilities. This is a provisional dogfooding policy; its review note does not change the case verdict.
  Show the human the parent and qualifying helpers, forwarded inputs, shared dependencies, overlap values and thresholds, and original versus expanded line and complexity metrics. Discuss whether the failure reflects the intended policy before changing code or requesting a suppression.

Columbo: 0 failed, 0 warned, 1 suppressed
